// Jest Snapshot v1, https://goo.gl/fbAQLP

exports[`NoReports expect to render 1`] = `
<Bullseye
  className=""
  component="div"
>
  <EmptyState
    className=""
    variant="full"
  >
    <div
      className="pf-c-empty-state__icon"
      style={
        Object {
          "opacity": 0.6,
        }
      }
    >
      <Icon
        height="80px"
      />
    </div>
    <Title
      size="lg"
    >
      Let Red Hat Migration Analytics suggest ways to optimize your environment
    </Title>
    <EmptyStateBody
      className=""
    >
      See how you can optimize your virtual environment by uploading a Red Hat CloudForms generated inventory file and then letting Red Hat Migration Analytics create reports showing how you can save money and optimize workloads - whether by migrating virtual machines or migrating application to RHEL.
    </EmptyStateBody>
    <Dropzone
      accept={
        Array [
          "application/zip",
          "application/json",
        ]
      }
      multiple={false}
      noClick={true}
      noKeyboard={true}
      onDrop={[Function]}
    >
      <Component />
    </Dropzone>
  </EmptyState>
</Bullseye>
`;
