// Jest Snapshot v1, https://goo.gl/fbAQLP

exports[`ReportsUpload expect to render form 1`] = `
<Fragment>
  <PageHeader>
    <PageHeaderTitle
      title="Reports"
    />
  </PageHeader>
  <Connect(Main)>
    <Modal
      actions={Array []}
      ariaDescribedById="Report options"
      className=""
      hideTitle={false}
      isLarge={false}
      isOpen={true}
      isSmall={true}
      onClose={[Function]}
      showClose={true}
      title="Report options"
    >
      <Formik
        enableReinitialize={false}
        initialValues={
          Object {
            "file": undefined,
            "percentageOfHypervisorsMigratedOnYear1": 50,
            "percentageOfHypervisorsMigratedOnYear2": 30,
            "percentageOfHypervisorsMigratedOnYear3": 20,
            "percentageOfHypervisorsMigratedSum": 90,
            "reportDescription": "",
            "reportName": "",
            "yearOverYearGrowthRatePercentage": 5,
          }
        }
        isInitialValid={false}
        onSubmit={[Function]}
        validate={[Function]}
        validateOnBlur={true}
        validateOnChange={true}
      >
        <Component />
      </Formik>
    </Modal>
  </Connect(Main)>
</Fragment>
`;
