// Jest Snapshot v1, https://goo.gl/fbAQLP

exports[`ReportView expect to redirect because error 1`] = `
<Redirect
  push={false}
  to="/report"
/>
`;

exports[`ReportView expect to redirect because no reportId 1`] = `
<Redirect
  push={false}
  to="/report"
/>
`;

exports[`ReportView expect to render object 1`] = `
<withRouter(ReportViewPage)
  report={
    Object {
      "id": 36,
      "inserted": 254112,
      "lastUpdate": 254112,
      "payloadName": "file1.json",
      "reportDescription": "My report description",
      "reportName": "My report name",
      "status": "CREATED",
    }
  }
  reportFetchStatus={
    Object {
      "error": null,
      "status": "none",
    }
  }
>
  <Switch>
    <Route
      key="0"
      path="/reports/1/initialSavingsEstimation"
      render={[Function]}
    />
    <Route
      key="1"
      path="/reports/1/workloadMigrationSummary"
      render={[Function]}
    />
    <Route
      key="2"
      path="/reports/1/workloadInventory"
      render={[Function]}
    />
    <Redirect
      from="/reports/1"
      push={false}
      to="/reports/1/initialSavingsEstimation"
    />
  </Switch>
</withRouter(ReportViewPage)>
`;
