// Jest Snapshot v1, https://goo.gl/fbAQLP

exports[`WorkloadsDetectedTable should render empty result table 1`] = `
<Fragment>
  <Bullseye>
    <EmptyState
      variant="full"
    >
      <EmptyStateIcon
        icon={[Function]}
      />
      <Title
        headingLevel="h5"
        size="lg"
      >
        No results found
      </Title>
      <EmptyStateBody>
        No results match the search criteria
      </EmptyStateBody>
    </EmptyState>
  </Bullseye>
</Fragment>
`;

exports[`WorkloadsDetectedTable should render error 1`] = `
<Component
  onRetry={[Function]}
/>
`;

exports[`WorkloadsDetectedTable should render result table 1`] = `
<Fragment>
  <Table
    aria-label="Workloads detected"
    borders={false}
    canSelectAll={true}
    cells={
      Array [
        Object {
          "key": "workload",
          "props": Object {},
          "title": "Workloads",
          "transforms": Array [
            [Function],
            [Function],
          ],
        },
        Object {
          "key": "osName",
          "props": Object {},
          "title": "Operating system",
          "transforms": Array [
            [Function],
            [Function],
          ],
        },
        Object {
          "key": "clusters",
          "props": Object {},
          "title": "In Clusters",
          "transforms": Array [
            [Function],
          ],
        },
        Object {
          "key": "vms",
          "props": Object {},
          "title": "VMs",
          "transforms": Array [
            [Function],
            [Function],
          ],
        },
      ]
    }
    className=""
    contentId="expanded-content"
    dropdownDirection="down"
    dropdownPosition="right"
    expandId="expandable-toggle"
    gridBreakPoint="grid-md"
    onSort={[Function]}
    ouiaSafe={true}
    role="grid"
    rowLabeledBy="simple-node"
    rows={Array []}
    sortBy={Object {}}
    variant="compact"
  >
    <TableHeader />
    <Component />
    <tfoot>
      <tr
        className="workloads-detected-table-footer"
      >
        <td
          colSpan={10}
        >
          <Pagination
            className=""
            defaultToFullPage={false}
            firstPage={1}
            isCompact={false}
            isDisabled={false}
            itemCount={1}
            itemsEnd={null}
            itemsStart={null}
            offset={0}
            onFirstClick={[Function]}
            onLastClick={[Function]}
            onNextClick={[Function]}
            onPageInput={[Function]}
            onPerPageSelect={[Function]}
            onPreviousClick={[Function]}
            onSetPage={[Function]}
            ouiaSafe={true}
            page={1}
            perPage={10}
            perPageOptions={
              Array [
                Object {
                  "title": "10",
                  "value": 10,
                },
                Object {
                  "title": "20",
                  "value": 20,
                },
                Object {
                  "title": "50",
                  "value": 50,
                },
                Object {
                  "title": "100",
                  "value": 100,
                },
              ]
            }
            titles={
              Object {
                "currPage": "Current page",
                "items": "",
                "itemsPerPage": "Items per page",
                "optionsToggle": "Items per page",
                "page": "",
                "paginationTitle": "Pagination",
                "perPageSuffix": "per page",
                "toFirstPage": "Go to first page",
                "toLastPage": "Go to last page",
                "toNextPage": "Go to next page",
                "toPreviousPage": "Go to previous page",
              }
            }
            toggleTemplate={[Function]}
            variant="top"
            widgetId="pagination-options-menu"
          />
        </td>
      </tr>
    </tfoot>
  </Table>
</Fragment>
`;

exports[`WorkloadsDetectedTable should render skeleton 1`] = `
<Fragment>
  <SkeletonTable
    colSize={4}
    paddingColumnSize={0}
    rowSize={5}
  />
</Fragment>
`;
