// Jest Snapshot v1, https://goo.gl/fbAQLP

exports[`WorkloadInventoryDetails expect to render 1`] = `
<div
  className="pf-c-content"
>
  <dl>
    <dt>
      Disk space (GiB)
    </dt>
    <dd>
      1.0
    </dd>
    <dt>
      Memory (GiB)
    </dt>
    <dd>
      2.0
    </dd>
    <dt>
      CPU cores
    </dt>
    <dd>
      10
    </dd>
    <dt>
      Operating system description
    </dt>
    <dd>
      My description
    </dd>
    <dt>
      Red Hat Insights
    </dt>
    <dd>
      Enabled
    </dd>
  </dl>
</div>
`;
