// Jest Snapshot v1, https://goo.gl/fbAQLP

exports[`WorkloadInventoryDetails expect to render 1`] = `
<div
  className="pf-c-content"
>
  <dl>
    <dt>
      Recommended targets
    </dt>
    <dd />
    <dt>
      Flags
    </dt>
    <dd>
      None identified
    </dd>
    <dt>
      Disk space
    </dt>
    <dd>
      1.0 GiB
    </dd>
    <dt>
      Memory
    </dt>
    <dd>
      2.0 GiB
    </dd>
    <dt>
      CPU cores
    </dt>
    <dd>
      10
    </dd>
    <dt>
      Operating system description
    </dt>
    <dd>
      My description
    </dd>
    <dt>
      Red Hat Insights
    </dt>
    <dd>
      Enabled
    </dd>
  </dl>
</div>
`;
