// Jest Snapshot v1, https://goo.gl/fbAQLP

exports[`FetchErrorEmptyState FetchErrorEmptyState should render 1`] = `
<Bullseye>
  <EmptyState
    variant="large"
  >
    <EmptyStateIcon
      icon={[Function]}
    />
    <Title
      headingLevel="h5"
      size="lg"
    >
      Error
    </Title>
    <EmptyStateBody>
      Something unexpected happend, please try again!
    </EmptyStateBody>
    <Button
      onClick={[MockFunction]}
      variant="primary"
    >
      Retry
    </Button>
  </EmptyState>
</Bullseye>
`;
