// Jest Snapshot v1, https://goo.gl/fbAQLP

exports[`UploadFiles expect to render progress bar 1`] = `
<withRouter(UploadFilesPage)
  showBreadcrumb={false}
  title="Upload"
>
  <Card
    className=""
    component="article"
  >
    <CardBody
      className=""
      component="div"
    >
      <Stack
        className=""
        component="div"
        gutter="md"
      >
        <StackItem
          className=""
          isMain={true}
          key="myFile1.zip"
        >
          <Progress
            className=""
            id=""
            max={100}
            measureLocation="top"
            min={0}
            size={null}
            title="Uploading: myFile1.zip"
            value={null}
            valueText={null}
            variant="info"
          />
        </StackItem>
        <StackItem
          className=""
          isMain={true}
          key="myFile2.zip"
        >
          <Progress
            className=""
            id=""
            max={100}
            measureLocation="top"
            min={0}
            size={null}
            title="Uploading: myFile2.zip"
            value={null}
            valueText={null}
            variant="info"
          />
        </StackItem>
        <StackItem
          className=""
          isMain={true}
          key="myFile3.zip"
        >
          <Progress
            className=""
            id=""
            max={100}
            measureLocation="top"
            min={0}
            size={null}
            title="Uploading: myFile3.zip"
            value={30}
            valueText={null}
            variant="info"
          />
        </StackItem>
      </Stack>
    </CardBody>
    <CardFooter
      className=""
      component="div"
    >
      <Button
        aria-label={null}
        className=""
        component={[Function]}
        isActive={false}
        isBlock={false}
        isDisabled={false}
        isFocus={false}
        isHover={false}
        to="/reports"
        type="button"
        variant="tertiary"
      >
        Cancel
      </Button>
    </CardFooter>
  </Card>
</withRouter(UploadFilesPage)>
`;
