// Jest Snapshot v1, https://goo.gl/fbAQLP

exports[`ReportViewPage expect to render 1`] = `
<Fragment>
  <PageHeader>
    <PageHeaderTitle
      title={
        <Skeleton
          size="sm"
        />
      }
    />
  </PageHeader>
  <Connect(Main)
    style={
      Object {
        "color": "red",
      }
    }
  />
</Fragment>
`;
